FAIL: Comment mismatch: ansi_1252_ascii actual length=36 actual codes=[46 69 78 74 75 72 65 20 41 4E 53 49 5F 31 32 35 32 20 63 61 66 E9 20 20AC 20 2014 A 45 6F 44 78 66 20 30 2E 31] expected length=41 expected codes=[46 69 78 74 75 72 65 20 41 4E 53 49 5F 31 32 35 32 20 63 61 66 C3 A9 20 E2 201A AC 20 E2 20AC 201D A 45 6F 44 78 66 20 30 2E 31]
FAIL: TEXT mismatch: ansi_1252_ascii actual texts=[cafΘ 
